// Jest Snapshot v1, https://goo.gl/fbAQLP

exports[`<ControlsArea /> tests Snapshot for <ControlsArea /> 1`] = `
.emotion-16 {
  padding-top: 14px;
}

.emotion-5 {
  display: -webkit-box;
  display: -webkit-flex;
  display: -ms-flexbox;
  display: flex;
  -webkit-box-pack: center;
  -webkit-justify-content: center;
  -ms-flex-pack: center;
  justify-content: center;
  margin-bottom: 10px;
}

.emotion-4 {
  display: -webkit-box;
  display: -webkit-flex;
  display: -ms-flexbox;
  display: flex;
}

.emotion-4 > *:not(:last-child) {
  margin-right: 8px;
}

.emotion-0 {
  display: block;
  text-transform: uppercase;
  cursor: pointer;
  padding: 5px 10px;
  border: 2px solid #9eb7e5;
  border-radius: 4px;
  color: #304c89;
  background: #f2efe4;
  font-weight: 700;
  -webkit-letter-spacing: 0.06em;
  -moz-letter-spacing: 0.06em;
  -ms-letter-spacing: 0.06em;
  letter-spacing: 0.06em;
  opacity: 0.6;
  pointer-events: none;
}

.emotion-0:hover {
  box-shadow: 0 0 6px #9eb7e5;
  background: #f6f5ea;
}

.emotion-9 {
  margin-right: 20px;
}

.emotion-6 {
  margin-bottom: 6px;
}

.emotion-7 {
  padding: 5px 10px;
  border: 2px solid #9eb7e5;
  border-radius: 4px;
  max-width: 80px;
}

.emotion-7:focus {
  outline: 1px solid #648de5;
  box-shadow: 0 0 5px #648de5;
}

.emotion-14 {
  display: -webkit-box;
  display: -webkit-flex;
  display: -ms-flexbox;
  display: flex;
  -webkit-flex-direction: column;
  -ms-flex-direction: column;
  flex-direction: column;
  -webkit-align-items: center;
  -webkit-box-align: center;
  -ms-flex-align: center;
  align-items: center;
}

.emotion-14 button {
  padding: 8px 12px;
  font-size: 1.1em;
  display: block;
  text-transform: uppercase;
  cursor: pointer;
  border: 2px solid #9eb7e5;
  border-radius: 4px;
  color: #304c89;
  background: #f2efe4;
  font-weight: 700;
  -webkit-letter-spacing: 0.06em;
  -moz-letter-spacing: 0.06em;
  -ms-letter-spacing: 0.06em;
  letter-spacing: 0.06em;
}

.emotion-14 button:hover {
  box-shadow: 0 0 6px #9eb7e5;
  background: #f6f5ea;
}

.emotion-13 {
  display: block;
  text-transform: uppercase;
  cursor: pointer;
  padding: 5px 10px;
  border: 2px solid #9eb7e5;
  border-radius: 4px;
  color: #304c89;
  background: #f2efe4;
  font-weight: 700;
  -webkit-letter-spacing: 0.06em;
  -moz-letter-spacing: 0.06em;
  -ms-letter-spacing: 0.06em;
  letter-spacing: 0.06em;
}

.emotion-13:hover {
  box-shadow: 0 0 6px #9eb7e5;
  background: #f6f5ea;
}

<div
  className="emotion-16"
>
  <div
    className="emotion-5"
  >
    <div
      className="emotion-4"
    >
      <button
        className="emotion-0"
        disabled={true}
        name="faster"
        onClick={[Function]}
      >
        Faster
      </button>
      <button
        className="emotion-0"
        disabled={true}
        name="slower"
        onClick={[Function]}
      >
        Slower
      </button>
      <button
        className="emotion-0"
        disabled={true}
        name="pause"
        onClick={[Function]}
      >
        Pause
      </button>
      <button
        className="emotion-0"
        disabled={true}
        name="reset"
        onClick={[Function]}
      >
        Reset
      </button>
    </div>
  </div>
  <form
    onSubmit={[Function]}
  >
    <div
      className="emotion-5"
    >
      <div
        className="emotion-9"
      >
        <div
          className="emotion-6"
        >
          Field Size:
        </div>
        <input
          className="emotion-7"
          max={200}
          min={2}
          name="xSize"
          required={true}
          type="number"
        />
        <span>
           x 
        </span>
        <input
          className="emotion-7"
          max={200}
          min={2}
          name="ySize"
          required={true}
          type="number"
        />
      </div>
      <div>
        <div
          className="emotion-6"
        >
          Fullness:
        </div>
        <input
          className="emotion-7"
          max={100}
          min={10}
          name="fullness"
          required={true}
          type="number"
        />
        <span>
           %
        </span>
      </div>
    </div>
    <div
      className="emotion-5"
    >
      <div
        className="emotion-14"
      >
        <button
          className="emotion-13"
          disabled={false}
          name="start"
          type="submit"
        >
          Start
        </button>
      </div>
    </div>
  </form>
</div>
`;
